<html>
<body>
<pre>
<h1>礦ision Build Log</h1>
<h2>Tool Versions:</h2>
IDE-Version: μVision V5.25.2.0
Copyright (C) 2018 ARM Ltd and ARM Germany GmbH. All rights reserved.
License Information: Guotong Wang, BUPT, LIC=PE7Z9-4UACT-KB9ER-K0HYL-RS743-GNYMS
 
Tool Versions:
Toolchain:       MDK-ARM Plus  Version: 5.25.2.0
Toolchain Path:  D:\SoftWare\Keil5\ARM\ARMCC\Bin
C Compiler:      Armcc.exe V5.06 update 6 (build 750)
Assembler:       Armasm.exe V5.06 update 6 (build 750)
Linker/Locator:  ArmLink.exe V5.06 update 6 (build 750)
Library Manager: ArmAr.exe V5.06 update 6 (build 750)
Hex Converter:   FromElf.exe V5.06 update 6 (build 750)
CPU DLL:         SARMCM3.DLL V5.25.2.0
Dialog DLL:      DCM.DLL V1.17.1.0
Target DLL:      STLink\ST-LINKIII-KEIL_SWO.dll V3.0.1.0
Dialog DLL:      TCM.DLL V1.35.1.0
 
<h2>Project:</h2>
D:\桌面\UWBZhaoyu\UWB定位\上位机软件以及源码\BlueOLED\BPHero_UWB_Location_SourceCode_V1.1_16MHz_V1.3\Project\ds_twr_init\MDK-ARM\Project.uvprojx
Project File Date:  10/08/2020

<h2>Output:</h2>
*** Using Compiler 'V5.06 update 6 (build 750)', folder: 'D:\SoftWare\Keil5\ARM\ARMCC\Bin'
Build target 'ds_twr_init'
compiling main.c...
..\main.c(357): warning:  #177-D: variable "RxC"  was declared but never referenced
  				static int RxC,RxN,RxNOSAT;
..\main.c(357): warning:  #177-D: variable "RxN"  was declared but never referenced
  				static int RxC,RxN,RxNOSAT;
..\main.c(357): warning:  #177-D: variable "RxNOSAT"  was declared but never referenced
  				static int RxC,RxN,RxNOSAT;
..\main.c(358): warning:  #177-D: variable "isDisplay"  was declared but never referenced
  				static u8 isDisplay = 0;
..\main.c(359): warning:  #177-D: variable "RSSI"  was declared but never referenced
  			  static double RSSI;
..\main.c(474): warning:  #177-D: variable "buff"  was declared but never referenced
      uint8 buff[5];
..\main.c(476): warning:  #550-D: variable "cnt"  was set but never used
      int cnt ;
..\main.c(610): warning:  #177-D: variable "final_distance"  was declared but never referenced
      float final_distance = 0;
..\main.c(781): warning:  #177-D: variable "anthor_index"  was declared but never referenced
      uint8 anthor_index = 0;
..\main.c(834): warning:  #177-D: variable "rx_ant_delay"  was declared but never referenced
      int rx_ant_delay =32880;
..\main.c(835): warning:  #177-D: variable "index"  was declared but never referenced
      int index = 0 ;
..\main.c(1369): warning:  #167-D: argument of type "char *" is incompatible with parameter of type "uint8_t *"
          OLED_ShowString(0, 2,dist_str);
..\main.c(1377): warning:  #167-D: argument of type "char *" is incompatible with parameter of type "uint8_t *"
          OLED_ShowString(0, 4,dist_str);
..\main.c(1385): warning:  #167-D: argument of type "char *" is incompatible with parameter of type "uint8_t *"
          OLED_ShowString(0, 6,dist_str);
..\main.c(84): warning:  #177-D: variable "rx_poll_msg"  was declared but never referenced
  static uint8 rx_poll_msg[] =  {0x41, 0x88, 0, 0x0, 0xDE, 'W', 'A', 'V', 'E', 0x21, 0, 0};
..\main.c(85): warning:  #177-D: variable "tx_resp_msg"  was declared but never referenced
  static uint8 tx_resp_msg[] =  {0x41, 0x88, 0, 0x0, 0xDE, 'V', 'E', 'W', 'A', 0x10, 0x02, 0, 0, 0, 0};
..\main.c(86): warning:  #177-D: variable "rx_final_msg"  was declared but never referenced
  static uint8 rx_final_msg[] = {0x41, 0x88, 0, 0x0, 0xDE, 'W', 'A', 'V', 'E', 0x23, 0, 0, 0, 0, 0, 0, 0, 0, 0, 0, 0, 0, 0, 0};
..\main.c(120): warning:  #177-D: variable "frame_seq_nb_semaphore"  was declared but never referenced
  static uint8 frame_seq_nb_semaphore = 0;
..\main.c(159): warning:  #177-D: variable "poll_rx_ts"  was declared but never referenced
  static uint64 poll_rx_ts;
..\main.c(160): warning:  #177-D: variable "resp_tx_ts"  was declared but never referenced
  static uint64 resp_tx_ts;
..\main.c(161): warning:  #177-D: variable "final_rx_ts"  was declared but never referenced
  static uint64 final_rx_ts;
..\main.c(173): warning:  #177-D: variable "tof"  was declared but never referenced
  static double tof;
..\main.c(174): warning:  #177-D: variable "distance"  was declared but never referenced
  static double distance;
..\main.c: 23 warnings, 0 errors
linking...
Program Size: Code=10520 RO-data=2200 RW-data=840 ZI-data=2160  
FromELF: creating hex file...
".\STM3210E-EVAL\STM3210E-EVAL.axf" - 0 Error(s), 23 Warning(s).

<h2>Software Packages used:</h2>

Package Vendor: ARM
                http://www.keil.com/pack/ARM.CMSIS.5.3.0.pack
                ARM.CMSIS.5.3.0
                CMSIS (Cortex Microcontroller Software Interface Standard)
   * Component: CORE Version: 5.1.1

Package Vendor: Keil
                http://www.keil.com/pack/Keil.STM32F1xx_DFP.2.2.0.pack
                Keil.STM32F1xx_DFP.2.2.0
                STMicroelectronics STM32F1 Series Device Support, Drivers and Examples

<h2>Collection of Component include folders:</h2>
  .\RTE\_ds_twr_init
  D:\SoftWare\Keil5\ARM\PACK\ARM\CMSIS\5.3.0\CMSIS\Include
  D:\SoftWare\Keil5\ARM\PACK\Keil\STM32F1xx_DFP\2.2.0\Device\Include

<h2>Collection of Component Files used:</h2>

   * Component: ARM::CMSIS:CORE:5.1.1
Build Time Elapsed:  00:00:03
</pre>
</body>
</html>
